// Jest Snapshot v1, https://goo.gl/fbAQLP

exports[`matches button snapshot 1`] = `
<div
  className="App"
>
  <header>
    <img
      alt="logo_my_coach"
      className="logo_my_coach"
      height={80}
      src="logo-mycoach.jpeg"
      width={80}
    />
    <div
      className="headerContent"
    >
      <h1>
        Test MyCoach - Johann Bernard
      </h1>
      <button
        className="my_coach_button my_coach_button_icon"
        data-testid="testButton"
        onClick={[Function]}
        title="Changer de mode de jeu"
      >
        ðŸ‘Šâœ‹âœŒ
      </button>
    </div>
  </header>
  <section
    className="gameSection"
  >
    <div>
      <div
        className="userContainer"
      >
        <div
          className="my_coach_user"
          data-testid=""
        >
          <p
            className="my_coach_user_name"
            data-testid=""
          >
            Joueur
          </p>
          <p
            className="my_coach_user_score"
            data-testid=""
          >
            0
          </p>
        </div>
        <div
          className="my_coach_user"
          data-testid=""
        >
          <p
            className="my_coach_user_name"
            data-testid=""
          >
            Ordinateur
          </p>
          <p
            className="my_coach_user_score"
            data-testid=""
          >
            0
          </p>
        </div>
      </div>
      <div
        className="gameContainer"
      >
        <p
          className="instructionText"
        >
          Veuillez sÃ©lectionnez un signe pour commencer la partie.
        </p>
      </div>
      <p
        className="winLabel"
      />
    </div>
    <div
      className="actionsContainer"
    >
      <div
        className="actions"
      >
        <button
          className="my_coach_button"
          data-testid="testButton"
          onClick={[Function]}
        >
          Pierre
        </button>
        <button
          className="my_coach_button"
          data-testid="testButton"
          onClick={[Function]}
        >
          Feuille
        </button>
        <button
          className="my_coach_button"
          data-testid="testButton"
          onClick={[Function]}
        >
          Ciseaux
        </button>
        <button
          className="my_coach_button"
          data-testid="testButton"
          onClick={[Function]}
        >
          Hasard
        </button>
      </div>
    </div>
  </section>
  <div
    className="modal_window"
    data-testid=""
    id="open-modal"
  >
    <div
      className="modal_container"
    >
      <div
        className="modal_label"
        data-testid=""
      />
      <button
        className="my_coach_button"
        data-testid="testButton"
        onClick={[Function]}
      >
        Recommencer
      </button>
    </div>
  </div>
</div>
`;
